Archive member included to satisfy reference by file (symbol)

c:/program files/microchip/xc8/v2.20/avr/bin/../lib/gcc/avr/5.4.0/avrxmega4/memx-const\libgcc.a(_exit.o)
                              C:/Program Files (x86)/Microchip/MPLABX/v5.40/packs/Microchip/AVR-Dx_DFP/1.1.40/xc8/avr/lib/avrxmega4/memx-const/crtavr128da48.o (exit)
c:/program files/microchip/xc8/v2.20/avr/bin/../lib/gcc/avr/5.4.0/avrxmega4/memx-const\libgcc.a(_copy_data.o)
                              build/default/production/mcc_generated_files/device_config.o (__do_copy_data)

Allocating common symbols
Common symbol       size              file

result              0x2               build/default/production/main.o

Discarded input sections

 .data          0x0000000000000000        0x0 C:/Program Files (x86)/Microchip/MPLABX/v5.40/packs/Microchip/AVR-Dx_DFP/1.1.40/xc8/avr/lib/avrxmega4/memx-const/crtavr128da48.o
 .bss           0x0000000000000000        0x0 C:/Program Files (x86)/Microchip/MPLABX/v5.40/packs/Microchip/AVR-Dx_DFP/1.1.40/xc8/avr/lib/avrxmega4/memx-const/crtavr128da48.o
 .text          0x0000000000000000        0x0 build/default/production/mcc_generated_files/src/pin_manager.o
 .data          0x0000000000000000        0x0 build/default/production/mcc_generated_files/src/pin_manager.o
 .bss           0x0000000000000000        0x0 build/default/production/mcc_generated_files/src/pin_manager.o
 .text          0x0000000000000000        0x0 build/default/production/mcc_generated_files/src/cpuint.o
 .data          0x0000000000000000        0x0 build/default/production/mcc_generated_files/src/cpuint.o
 .bss           0x0000000000000000        0x0 build/default/production/mcc_generated_files/src/cpuint.o
 .text          0x0000000000000000        0x0 build/default/production/mcc_generated_files/src/protected_io.o
 .data          0x0000000000000000        0x0 build/default/production/mcc_generated_files/src/protected_io.o
 .bss           0x0000000000000000        0x0 build/default/production/mcc_generated_files/src/protected_io.o
 .text          0x0000000000000000        0x0 build/default/production/mcc_generated_files/mcc.o
 .data          0x0000000000000000        0x0 build/default/production/mcc_generated_files/mcc.o
 .bss           0x0000000000000000        0x0 build/default/production/mcc_generated_files/mcc.o
 .text          0x0000000000000000        0x0 build/default/production/mcc_generated_files/src/adc0.o
 .data          0x0000000000000000        0x0 build/default/production/mcc_generated_files/src/adc0.o
 .bss           0x0000000000000000        0x0 build/default/production/mcc_generated_files/src/adc0.o
 .text.ADC0_Enable
                0x0000000000000000        0xc build/default/production/mcc_generated_files/src/adc0.o
 .text.ADC0_Disable
                0x0000000000000000        0xc build/default/production/mcc_generated_files/src/adc0.o
 .text.ADC0_EnableAutoTrigger
                0x0000000000000000        0xc build/default/production/mcc_generated_files/src/adc0.o
 .text.ADC0_DisableAutoTrigger
                0x0000000000000000        0xc build/default/production/mcc_generated_files/src/adc0.o
 .text.ADC0_SetWindowHigh
                0x0000000000000000        0xa build/default/production/mcc_generated_files/src/adc0.o
 .text.ADC0_SetWindowLow
                0x0000000000000000        0xa build/default/production/mcc_generated_files/src/adc0.o
 .text.ADC0_SetWindowMode
                0x0000000000000000        0x6 build/default/production/mcc_generated_files/src/adc0.o
 .text.ADC0_SetWindowChannel
                0x0000000000000000        0x6 build/default/production/mcc_generated_files/src/adc0.o
 .text.ADC0_StartDiffConversion
                0x0000000000000000       0x14 build/default/production/mcc_generated_files/src/adc0.o
 .text.ADC0_StopConversion
                0x0000000000000000        0x8 build/default/production/mcc_generated_files/src/adc0.o
 .text.ADC0_IsConversionDone
                0x0000000000000000        0x8 build/default/production/mcc_generated_files/src/adc0.o
 .text.ADC0_GetWindowResult
                0x0000000000000000       0x10 build/default/production/mcc_generated_files/src/adc0.o
 .text.ADC0_GetConversion
                0x0000000000000000       0x1a build/default/production/mcc_generated_files/src/adc0.o
 .text.ADC0_GetDiffConversion
                0x0000000000000000       0x1e build/default/production/mcc_generated_files/src/adc0.o
 .text.ADC0_GetResolution
                0x0000000000000000       0x10 build/default/production/mcc_generated_files/src/adc0.o
 .text.ADC0_RegisterWindowCallback
                0x0000000000000000        0xa build/default/production/mcc_generated_files/src/adc0.o
 .text          0x0000000000000000        0x0 build/default/production/mcc_generated_files/src/vref.o
 .data          0x0000000000000000        0x0 build/default/production/mcc_generated_files/src/vref.o
 .bss           0x0000000000000000        0x0 build/default/production/mcc_generated_files/src/vref.o
 .text          0x0000000000000000        0x0 build/default/production/main.o
 .data          0x0000000000000000        0x0 build/default/production/main.o
 .bss           0x0000000000000000        0x0 build/default/production/main.o
 .text          0x0000000000000000        0x0 build/default/production/mcc_generated_files/src/rtc.o
 .data          0x0000000000000000        0x0 build/default/production/mcc_generated_files/src/rtc.o
 .bss           0x0000000000000000        0x0 build/default/production/mcc_generated_files/src/rtc.o
 .text.RTC_SetCMPIsrCallback
                0x0000000000000000        0xa build/default/production/mcc_generated_files/src/rtc.o
 .text.RTC_WriteCounter
                0x0000000000000000       0x16 build/default/production/mcc_generated_files/src/rtc.o
 .text.RTC_ReadCounter
                0x0000000000000000        0xa build/default/production/mcc_generated_files/src/rtc.o
 .text.RTC_WritePeroid
                0x0000000000000000       0x16 build/default/production/mcc_generated_files/src/rtc.o
 .text.RTC_ReadPeriod
                0x0000000000000000        0xa build/default/production/mcc_generated_files/src/rtc.o
 .text.RTC_EnableCMPInterrupt
                0x0000000000000000        0xc build/default/production/mcc_generated_files/src/rtc.o
 .text.RTC_DisableCMPInterrupt
                0x0000000000000000        0xc build/default/production/mcc_generated_files/src/rtc.o
 .text.RTC_EnableOVFInterrupt
                0x0000000000000000        0xc build/default/production/mcc_generated_files/src/rtc.o
 .text.RTC_DisableOVFInterrupt
                0x0000000000000000        0xc build/default/production/mcc_generated_files/src/rtc.o
 .text.RTC_EnablePITInterrupt
                0x0000000000000000        0xc build/default/production/mcc_generated_files/src/rtc.o
 .text.RTC_DisablePITInterrupt
                0x0000000000000000        0xc build/default/production/mcc_generated_files/src/rtc.o
 .text.RTC_ClearOVFInterruptFlag
                0x0000000000000000        0xc build/default/production/mcc_generated_files/src/rtc.o
 .text.RTC_IsOVFInterruptEnabled
                0x0000000000000000        0xc build/default/production/mcc_generated_files/src/rtc.o
 .text          0x0000000000000000        0x0 build/default/production/mcc_generated_files/device_config.o
 .data          0x0000000000000000        0x0 build/default/production/mcc_generated_files/device_config.o
 .bss           0x0000000000000000        0x0 build/default/production/mcc_generated_files/device_config.o
 .text          0x0000000000000000        0x0 c:/program files/microchip/xc8/v2.20/avr/bin/../lib/gcc/avr/5.4.0/avrxmega4/memx-const\libgcc.a(_exit.o)
 .data          0x0000000000000000        0x0 c:/program files/microchip/xc8/v2.20/avr/bin/../lib/gcc/avr/5.4.0/avrxmega4/memx-const\libgcc.a(_exit.o)
 .bss           0x0000000000000000        0x0 c:/program files/microchip/xc8/v2.20/avr/bin/../lib/gcc/avr/5.4.0/avrxmega4/memx-const\libgcc.a(_exit.o)
 .text.libgcc.mul
                0x0000000000000000        0x0 c:/program files/microchip/xc8/v2.20/avr/bin/../lib/gcc/avr/5.4.0/avrxmega4/memx-const\libgcc.a(_exit.o)
 .text.libgcc.div
                0x0000000000000000        0x0 c:/program files/microchip/xc8/v2.20/avr/bin/../lib/gcc/avr/5.4.0/avrxmega4/memx-const\libgcc.a(_exit.o)
 .text.libgcc   0x0000000000000000        0x0 c:/program files/microchip/xc8/v2.20/avr/bin/../lib/gcc/avr/5.4.0/avrxmega4/memx-const\libgcc.a(_exit.o)
 .text.libgcc.prologue
                0x0000000000000000        0x0 c:/program files/microchip/xc8/v2.20/avr/bin/../lib/gcc/avr/5.4.0/avrxmega4/memx-const\libgcc.a(_exit.o)
 .text.libgcc.builtins
                0x0000000000000000        0x0 c:/program files/microchip/xc8/v2.20/avr/bin/../lib/gcc/avr/5.4.0/avrxmega4/memx-const\libgcc.a(_exit.o)
 .text.libgcc.fmul
                0x0000000000000000        0x0 c:/program files/microchip/xc8/v2.20/avr/bin/../lib/gcc/avr/5.4.0/avrxmega4/memx-const\libgcc.a(_exit.o)
 .text.libgcc.fixed
                0x0000000000000000        0x0 c:/program files/microchip/xc8/v2.20/avr/bin/../lib/gcc/avr/5.4.0/avrxmega4/memx-const\libgcc.a(_exit.o)
 .text          0x0000000000000000        0x0 c:/program files/microchip/xc8/v2.20/avr/bin/../lib/gcc/avr/5.4.0/avrxmega4/memx-const\libgcc.a(_copy_data.o)
 .data          0x0000000000000000        0x0 c:/program files/microchip/xc8/v2.20/avr/bin/../lib/gcc/avr/5.4.0/avrxmega4/memx-const\libgcc.a(_copy_data.o)
 .bss           0x0000000000000000        0x0 c:/program files/microchip/xc8/v2.20/avr/bin/../lib/gcc/avr/5.4.0/avrxmega4/memx-const\libgcc.a(_copy_data.o)
 .text.libgcc.mul
                0x0000000000000000        0x0 c:/program files/microchip/xc8/v2.20/avr/bin/../lib/gcc/avr/5.4.0/avrxmega4/memx-const\libgcc.a(_copy_data.o)
 .text.libgcc.div
                0x0000000000000000        0x0 c:/program files/microchip/xc8/v2.20/avr/bin/../lib/gcc/avr/5.4.0/avrxmega4/memx-const\libgcc.a(_copy_data.o)
 .text.libgcc   0x0000000000000000        0x0 c:/program files/microchip/xc8/v2.20/avr/bin/../lib/gcc/avr/5.4.0/avrxmega4/memx-const\libgcc.a(_copy_data.o)
 .text.libgcc.prologue
                0x0000000000000000        0x0 c:/program files/microchip/xc8/v2.20/avr/bin/../lib/gcc/avr/5.4.0/avrxmega4/memx-const\libgcc.a(_copy_data.o)
 .text.libgcc.builtins
                0x0000000000000000        0x0 c:/program files/microchip/xc8/v2.20/avr/bin/../lib/gcc/avr/5.4.0/avrxmega4/memx-const\libgcc.a(_copy_data.o)
 .text.libgcc.fmul
                0x0000000000000000        0x0 c:/program files/microchip/xc8/v2.20/avr/bin/../lib/gcc/avr/5.4.0/avrxmega4/memx-const\libgcc.a(_copy_data.o)
 .text.libgcc.fixed
                0x0000000000000000        0x0 c:/program files/microchip/xc8/v2.20/avr/bin/../lib/gcc/avr/5.4.0/avrxmega4/memx-const\libgcc.a(_copy_data.o)

Memory Configuration

Name             Origin             Length             Attributes
text             0x0000000000000000 0x0000000000020000 xr
data             0x0000000000804000 0x0000000000004000 rw !x
eeprom           0x0000000000810000 0x0000000000000200 rw !x
fuse             0x0000000000820000 0x0000000000000010 rw !x
lock             0x0000000000830000 0x0000000000000400 rw !x
signature        0x0000000000840000 0x0000000000000400 rw !x
user_signatures  0x0000000000850000 0x0000000000000400 rw !x
*default*        0x0000000000000000 0xffffffffffffffff

Linker script and memory map

Address of section .data set to 0x804000
                0x0000000000008000                __RODATA_PM_OFFSET__ = 0x8000
LOAD C:/Program Files (x86)/Microchip/MPLABX/v5.40/packs/Microchip/AVR-Dx_DFP/1.1.40/xc8/avr/lib/avrxmega4/memx-const/crtavr128da48.o
                0x0000000000000001                __MPLAB_BUILD = 0x1
LOAD build/default/production/mcc_generated_files/src/pin_manager.o
LOAD build/default/production/mcc_generated_files/src/cpuint.o
LOAD build/default/production/mcc_generated_files/src/protected_io.o
LOAD build/default/production/mcc_generated_files/mcc.o
LOAD build/default/production/mcc_generated_files/src/adc0.o
LOAD build/default/production/mcc_generated_files/src/vref.o
LOAD build/default/production/main.o
LOAD build/default/production/mcc_generated_files/src/rtc.o
LOAD build/default/production/mcc_generated_files/device_config.o
START GROUP
LOAD c:/program files/microchip/xc8/v2.20/avr/bin/../lib/gcc/avr/5.4.0/../../../../avr/lib/avrxmega4/memx-const\libm.a
END GROUP
START GROUP
LOAD c:/program files/microchip/xc8/v2.20/avr/bin/../lib/gcc/avr/5.4.0/avrxmega4/memx-const\libgcc.a
LOAD c:/program files/microchip/xc8/v2.20/avr/bin/../lib/gcc/avr/5.4.0/../../../../avr/lib/avrxmega4/memx-const\libm.a
LOAD c:/program files/microchip/xc8/v2.20/avr/bin/../lib/gcc/avr/5.4.0/../../../../avr/lib/avrxmega4/memx-const\libc.a
LOAD C:/Program Files (x86)/Microchip/MPLABX/v5.40/packs/Microchip/AVR-Dx_DFP/1.1.40/xc8/avr/lib/avrxmega4/memx-const\libavr128da48.a
END GROUP
                [0x0000000000000000]                __TEXT_REGION_ORIGIN__ = DEFINED (__TEXT_REGION_ORIGIN__)?__TEXT_REGION_ORIGIN__:0x0
                [0x0000000000804000]                __DATA_REGION_ORIGIN__ = DEFINED (__DATA_REGION_ORIGIN__)?__DATA_REGION_ORIGIN__:0x802000
                [0x0000000000020000]                __TEXT_REGION_LENGTH__ = DEFINED (__TEXT_REGION_LENGTH__)?__TEXT_REGION_LENGTH__:0x100000
                [0x0000000000004000]                __DATA_REGION_LENGTH__ = DEFINED (__DATA_REGION_LENGTH__)?__DATA_REGION_LENGTH__:0xffa0
                [0x0000000000000200]                __EEPROM_REGION_LENGTH__ = DEFINED (__EEPROM_REGION_LENGTH__)?__EEPROM_REGION_LENGTH__:0x10000
                [0x0000000000000010]                __FUSE_REGION_LENGTH__ = DEFINED (__FUSE_REGION_LENGTH__)?__FUSE_REGION_LENGTH__:0x400
                0x0000000000000400                __LOCK_REGION_LENGTH__ = DEFINED (__LOCK_REGION_LENGTH__)?__LOCK_REGION_LENGTH__:0x400
                0x0000000000000400                __SIGNATURE_REGION_LENGTH__ = DEFINED (__SIGNATURE_REGION_LENGTH__)?__SIGNATURE_REGION_LENGTH__:0x400
                0x0000000000000400                __USER_SIGNATURE_REGION_LENGTH__ = DEFINED (__USER_SIGNATURE_REGION_LENGTH__)?__USER_SIGNATURE_REGION_LENGTH__:0x400

.hash
 *(.hash)

.dynsym
 *(.dynsym)

.dynstr
 *(.dynstr)

.gnu.version
 *(.gnu.version)

.gnu.version_d
 *(.gnu.version_d)

.gnu.version_r
 *(.gnu.version_r)

.rel.init
 *(.rel.init)

.rela.init
 *(.rela.init)

.rel.text
 *(.rel.text)
 *(.rel.text.*)
 *(.rel.gnu.linkonce.t*)

.rela.text
 *(.rela.text)
 *(.rela.text.*)
 *(.rela.gnu.linkonce.t*)

.rel.fini
 *(.rel.fini)

.rela.fini
 *(.rela.fini)

.rel.rodata
 *(.rel.rodata)
 *(.rel.rodata.*)
 *(.rel.gnu.linkonce.r*)

.rela.rodata
 *(.rela.rodata)
 *(.rela.rodata.*)
 *(.rela.gnu.linkonce.r*)

.rel.data
 *(.rel.data)
 *(.rel.data.*)
 *(.rel.gnu.linkonce.d*)

.rela.data
 *(.rela.data)
 *(.rela.data.*)
 *(.rela.gnu.linkonce.d*)

.rel.ctors
 *(.rel.ctors)

.rela.ctors
 *(.rela.ctors)

.rel.dtors
 *(.rel.dtors)

.rela.dtors
 *(.rela.dtors)

.rel.got
 *(.rel.got)

.rela.got
 *(.rela.got)

.rel.bss
 *(.rel.bss)

.rela.bss
 *(.rela.bss)

.rel.plt
 *(.rel.plt)

.rela.plt
 *(.rela.plt)

.text           0x0000000000000000      0x146
 *(.vectors)
 .vectors       0x0000000000000000       0xe8 C:/Program Files (x86)/Microchip/MPLABX/v5.40/packs/Microchip/AVR-Dx_DFP/1.1.40/xc8/avr/lib/avrxmega4/memx-const/crtavr128da48.o
                0x0000000000000000                __vector_default
                0x0000000000000000                __vectors
 *(.vectors)
 *(.progmem.gcc*)
 *(.dinit)
 .dinit         0x00000000000000e8        0x5 data_init
                0x00000000000000ee                . = ALIGN (0x2)
 *fill*         0x00000000000000ed        0x1 
                0x00000000000000ee                __trampolines_start = .
 *(.trampolines)
 .trampolines   0x00000000000000ee        0x0 linker stubs
 *(.trampolines*)
                0x00000000000000ee                __trampolines_end = .
 *libprintf_flt.a:*(.progmem.data)
 *libc.a:*(.progmem.data)
                0x00000000000000ee                . = ALIGN (0x2)
 *(.jumptables)
 *(.jumptables*)
 *(.lowtext)
 *(.lowtext*)
                0x00000000000000ee                __ctors_start = .
 *(.ctors)
                0x00000000000000ee                __ctors_end = .
                0x00000000000000ee                __dtors_start = .
 *(.dtors)
                0x00000000000000ee                __dtors_end = .
 SORT(*)(.ctors)
 SORT(*)(.dtors)
 *(.init0)
 .init0         0x00000000000000ee        0x0 C:/Program Files (x86)/Microchip/MPLABX/v5.40/packs/Microchip/AVR-Dx_DFP/1.1.40/xc8/avr/lib/avrxmega4/memx-const/crtavr128da48.o
                0x00000000000000ee                __init
 *(.init0)
 *(.init1)
 *(.init1)
 *(.init2)
 .init2         0x00000000000000ee        0xc C:/Program Files (x86)/Microchip/MPLABX/v5.40/packs/Microchip/AVR-Dx_DFP/1.1.40/xc8/avr/lib/avrxmega4/memx-const/crtavr128da48.o
 *(.init2)
 *(.init3)
 *(.init3)
 *(.init4)
 .init4         0x00000000000000fa       0x40 c:/program files/microchip/xc8/v2.20/avr/bin/../lib/gcc/avr/5.4.0/avrxmega4/memx-const\libgcc.a(_copy_data.o)
                0x00000000000000fa                __do_copy_data
                0x000000000000012c                __do_clear_bss
 *(.init4)
 *(.init5)
 *(.init5)
 *(.init6)
 *(.init6)
 *(.init7)
 *(.init7)
 *(.init8)
 *(.init8)
 *(.init9)
 .init9         0x000000000000013a        0x8 C:/Program Files (x86)/Microchip/MPLABX/v5.40/packs/Microchip/AVR-Dx_DFP/1.1.40/xc8/avr/lib/avrxmega4/memx-const/crtavr128da48.o
 *(.init9)
                0x0000000000000142                . = ALIGN (0x2)
 *(.fini9)
 .fini9         0x0000000000000142        0x0 c:/program files/microchip/xc8/v2.20/avr/bin/../lib/gcc/avr/5.4.0/avrxmega4/memx-const\libgcc.a(_exit.o)
                0x0000000000000142                _exit
                0x0000000000000142                exit
 *(.fini9)
 *(.fini8)
 *(.fini8)
 *(.fini7)
 *(.fini7)
 *(.fini6)
 *(.fini6)
 *(.fini5)
 *(.fini5)
 *(.fini4)
 *(.fini4)
 *(.fini3)
 *(.fini3)
 *(.fini2)
 *(.fini2)
 *(.fini1)
 *(.fini1)
 *(.fini0)
 .fini0         0x0000000000000142        0x4 c:/program files/microchip/xc8/v2.20/avr/bin/../lib/gcc/avr/5.4.0/avrxmega4/memx-const\libgcc.a(_exit.o)
 *(.fini0)
                0x0000000000000146                _etext = .

.data           0x0000000000804000        0x0 load address 0x0000000000000146
                [!provide]                        PROVIDE (__data_start, .)
 *(.gnu.linkonce.d*)
 *(.gnu.linkonce.r*)
                0x0000000000804000                . = ALIGN (0x2)
                0x0000000000804000                _edata = .
                [!provide]                        PROVIDE (__data_end, .)

.bss            0x0000000000804000        0x2
                [!provide]                        PROVIDE (__bss_start, .)
 *(COMMON)
 COMMON         0x0000000000804000        0x2 build/default/production/main.o
                0x0000000000804000                result
                [!provide]                        PROVIDE (__bss_end, .)
                0x0000000000000146                __data_load_start = LOADADDR (.data)
                0x0000000000000146                __data_load_end = (__data_load_start + SIZEOF (.data))

.noinit         0x0000000000804002        0x0
                [!provide]                        PROVIDE (__noinit_start, .)
 *(.noinit*)
                [!provide]                        PROVIDE (__noinit_end, .)
                0x0000000000804002                _end = .

.eeprom         0x0000000000810000        0x0
 *(.eeprom*)
                0x0000000000810000                __eeprom_end = .

.fuse           0x0000000000820000        0x9
 *(.fuse)
 .fuse          0x0000000000820000        0x9 build/default/production/mcc_generated_files/device_config.o
                0x0000000000820000                __fuse
 *(.lfuse)
 *(.hfuse)
 *(.efuse)

.lock
 *(.lock*)

.signature
 *(.signature*)

.user_signatures
 *(.user_signatures*)

.stab
 *(.stab)

.stabstr
 *(.stabstr)

.stab.excl
 *(.stab.excl)

.stab.exclstr
 *(.stab.exclstr)

.stab.index
 *(.stab.index)

.stab.indexstr
 *(.stab.indexstr)

.comment        0x0000000000000000       0x2f
 *(.comment)
 .comment       0x0000000000000000       0x2f build/default/production/mcc_generated_files/src/pin_manager.o
                                         0x30 (size before relaxing)
 .comment       0x000000000000002f       0x30 build/default/production/mcc_generated_files/src/cpuint.o
 .comment       0x000000000000002f       0x30 build/default/production/mcc_generated_files/mcc.o
 .comment       0x000000000000002f       0x30 build/default/production/mcc_generated_files/src/adc0.o
 .comment       0x000000000000002f       0x30 build/default/production/mcc_generated_files/src/vref.o
 .comment       0x000000000000002f       0x30 build/default/production/main.o
 .comment       0x000000000000002f       0x30 build/default/production/mcc_generated_files/src/rtc.o
 .comment       0x000000000000002f       0x30 build/default/production/mcc_generated_files/device_config.o

.note.gnu.build-id
 *(.note.gnu.build-id)

.debug
 *(.debug)

.line
 *(.line)

.debug_srcinfo
 *(.debug_srcinfo)

.debug_sfnames
 *(.debug_sfnames)

.debug_aranges  0x0000000000000000      0x270
 *(.debug_aranges)
 .debug_aranges
                0x0000000000000000       0x28 build/default/production/mcc_generated_files/src/pin_manager.o
 .debug_aranges
                0x0000000000000028       0x20 build/default/production/mcc_generated_files/src/cpuint.o
 .debug_aranges
                0x0000000000000048       0x20 build/default/production/mcc_generated_files/src/protected_io.o
 .debug_aranges
                0x0000000000000068       0x48 build/default/production/mcc_generated_files/mcc.o
 .debug_aranges
                0x00000000000000b0       0xc0 build/default/production/mcc_generated_files/src/adc0.o
 .debug_aranges
                0x0000000000000170       0x20 build/default/production/mcc_generated_files/src/vref.o
 .debug_aranges
                0x0000000000000190       0x28 build/default/production/main.o
 .debug_aranges
                0x00000000000001b8       0xa0 build/default/production/mcc_generated_files/src/rtc.o
 .debug_aranges
                0x0000000000000258       0x18 build/default/production/mcc_generated_files/device_config.o

.debug_pubnames
 *(.debug_pubnames)

.debug_info     0x0000000000000000     0x6994
 *(.debug_info .gnu.linkonce.wi.*)
 .debug_info    0x0000000000000000     0x2c24 C:/Program Files (x86)/Microchip/MPLABX/v5.40/packs/Microchip/AVR-Dx_DFP/1.1.40/xc8/avr/lib/avrxmega4/memx-const/crtavr128da48.o
 .debug_info    0x0000000000002c24      0x6b3 build/default/production/mcc_generated_files/src/pin_manager.o
 .debug_info    0x00000000000032d7      0x3f5 build/default/production/mcc_generated_files/src/cpuint.o
 .debug_info    0x00000000000036cc       0x9d build/default/production/mcc_generated_files/src/protected_io.o
 .debug_info    0x0000000000003769      0x9ff build/default/production/mcc_generated_files/mcc.o
 .debug_info    0x0000000000004168      0xe8a build/default/production/mcc_generated_files/src/adc0.o
 .debug_info    0x0000000000004ff2      0x368 build/default/production/mcc_generated_files/src/vref.o
 .debug_info    0x000000000000535a      0x572 build/default/production/main.o
 .debug_info    0x00000000000058cc      0x86a build/default/production/mcc_generated_files/src/rtc.o
 .debug_info    0x0000000000006136      0x85e build/default/production/mcc_generated_files/device_config.o

.debug_abbrev   0x0000000000000000     0x32c2
 *(.debug_abbrev)
 .debug_abbrev  0x0000000000000000     0x29ce C:/Program Files (x86)/Microchip/MPLABX/v5.40/packs/Microchip/AVR-Dx_DFP/1.1.40/xc8/avr/lib/avrxmega4/memx-const/crtavr128da48.o
 .debug_abbrev  0x00000000000029ce       0xee build/default/production/mcc_generated_files/src/pin_manager.o
 .debug_abbrev  0x0000000000002abc       0xfa build/default/production/mcc_generated_files/src/cpuint.o
 .debug_abbrev  0x0000000000002bb6       0x14 build/default/production/mcc_generated_files/src/protected_io.o
 .debug_abbrev  0x0000000000002bca      0x169 build/default/production/mcc_generated_files/mcc.o
 .debug_abbrev  0x0000000000002d33      0x235 build/default/production/mcc_generated_files/src/adc0.o
 .debug_abbrev  0x0000000000002f68       0x8c build/default/production/mcc_generated_files/src/vref.o
 .debug_abbrev  0x0000000000002ff4       0xd3 build/default/production/main.o
 .debug_abbrev  0x00000000000030c7      0x164 build/default/production/mcc_generated_files/src/rtc.o
 .debug_abbrev  0x000000000000322b       0x97 build/default/production/mcc_generated_files/device_config.o

.debug_line     0x0000000000000000     0x1514
 *(.debug_line .debug_line.* .debug_line_end)
 .debug_line    0x0000000000000000      0x1f6 C:/Program Files (x86)/Microchip/MPLABX/v5.40/packs/Microchip/AVR-Dx_DFP/1.1.40/xc8/avr/lib/avrxmega4/memx-const/crtavr128da48.o
 .debug_line    0x00000000000001f6      0x3e5 build/default/production/mcc_generated_files/src/pin_manager.o
 .debug_line    0x00000000000005db      0x193 build/default/production/mcc_generated_files/src/cpuint.o
 .debug_line    0x000000000000076e       0x6c build/default/production/mcc_generated_files/src/protected_io.o
 .debug_line    0x00000000000007da      0x27a build/default/production/mcc_generated_files/mcc.o
 .debug_line    0x0000000000000a54      0x3dc build/default/production/mcc_generated_files/src/adc0.o
 .debug_line    0x0000000000000e30      0x11b build/default/production/mcc_generated_files/src/vref.o
 .debug_line    0x0000000000000f4b      0x16d build/default/production/main.o
 .debug_line    0x00000000000010b8      0x364 build/default/production/mcc_generated_files/src/rtc.o
 .debug_line    0x000000000000141c       0xf8 build/default/production/mcc_generated_files/device_config.o

.debug_frame    0x0000000000000000      0x4b0
 *(.debug_frame)
 .debug_frame   0x0000000000000000       0x40 build/default/production/mcc_generated_files/src/pin_manager.o
 .debug_frame   0x0000000000000040       0x24 build/default/production/mcc_generated_files/src/cpuint.o
 .debug_frame   0x0000000000000064       0x84 build/default/production/mcc_generated_files/mcc.o
 .debug_frame   0x00000000000000e8      0x1bc build/default/production/mcc_generated_files/src/adc0.o
 .debug_frame   0x00000000000002a4       0x24 build/default/production/mcc_generated_files/src/vref.o
 .debug_frame   0x00000000000002c8       0x34 build/default/production/main.o
 .debug_frame   0x00000000000002fc      0x1b4 build/default/production/mcc_generated_files/src/rtc.o

.debug_str      0x0000000000000000     0x1431
 *(.debug_str)
 .debug_str     0x0000000000000000     0x1320 C:/Program Files (x86)/Microchip/MPLABX/v5.40/packs/Microchip/AVR-Dx_DFP/1.1.40/xc8/avr/lib/avrxmega4/memx-const/crtavr128da48.o
 .debug_str     0x0000000000001320        0xb build/default/production/mcc_generated_files/src/pin_manager.o
 .debug_str     0x000000000000132b       0x13 build/default/production/mcc_generated_files/src/cpuint.o
 .debug_str     0x000000000000133e       0x83 build/default/production/mcc_generated_files/mcc.o
 .debug_str     0x00000000000013c1       0x11 build/default/production/mcc_generated_files/src/adc0.o
 .debug_str     0x00000000000013d2        0x0 build/default/production/mcc_generated_files/src/vref.o
 .debug_str     0x00000000000013d2       0x56 build/default/production/main.o
 .debug_str     0x0000000000001428        0x9 build/default/production/mcc_generated_files/src/rtc.o
 .debug_str     0x0000000000001431        0x0 build/default/production/mcc_generated_files/device_config.o

.debug_loc      0x0000000000000000      0x30a
 *(.debug_loc)
 .debug_loc     0x0000000000000000       0x78 build/default/production/mcc_generated_files/src/pin_manager.o
 .debug_loc     0x0000000000000078       0x2a build/default/production/mcc_generated_files/src/cpuint.o
 .debug_loc     0x00000000000000a2      0x19c build/default/production/mcc_generated_files/mcc.o
 .debug_loc     0x000000000000023e       0xcc build/default/production/mcc_generated_files/src/adc0.o

.debug_macinfo
 *(.debug_macinfo)

.debug_weaknames
 *(.debug_weaknames)

.debug_funcnames
 *(.debug_funcnames)

.debug_typenames
 *(.debug_typenames)

.debug_varnames
 *(.debug_varnames)

.debug_pubtypes
 *(.debug_pubtypes)

.debug_ranges   0x0000000000000000      0x1c8
 *(.debug_ranges)
 .debug_ranges  0x0000000000000000       0x18 build/default/production/mcc_generated_files/src/pin_manager.o
 .debug_ranges  0x0000000000000018       0x10 build/default/production/mcc_generated_files/src/cpuint.o
 .debug_ranges  0x0000000000000028       0x38 build/default/production/mcc_generated_files/mcc.o
 .debug_ranges  0x0000000000000060       0xb0 build/default/production/mcc_generated_files/src/adc0.o
 .debug_ranges  0x0000000000000110       0x10 build/default/production/mcc_generated_files/src/vref.o
 .debug_ranges  0x0000000000000120       0x18 build/default/production/main.o
 .debug_ranges  0x0000000000000138       0x90 build/default/production/mcc_generated_files/src/rtc.o

.debug_macro
 *(.debug_macro)
OUTPUT(dist/default/production/avr-da-cnano-assignment1-interrupt.X.production.elf elf32-avr)
LOAD linker stubs
LOAD data_init

.note.gnu.avr.deviceinfo
                0x0000000000000000       0x40
 .note.gnu.avr.deviceinfo
                0x0000000000000000       0x40 C:/Program Files (x86)/Microchip/MPLABX/v5.40/packs/Microchip/AVR-Dx_DFP/1.1.40/xc8/avr/lib/avrxmega4/memx-const/crtavr128da48.o

.bss.ADC0_window_cb
                0x0000000000804002        0x2
 .bss.ADC0_window_cb
                0x0000000000804002        0x2 build/default/production/mcc_generated_files/src/adc0.o
                0x0000000000804002                ADC0_window_cb

.bss.RTC_PIT_isr_cb
                0x0000000000804004        0x2
 .bss.RTC_PIT_isr_cb
                0x0000000000804004        0x2 build/default/production/mcc_generated_files/src/rtc.o
                0x0000000000804004                RTC_PIT_isr_cb

.bss.RTC_CMP_isr_cb
                0x0000000000804006        0x2
 .bss.RTC_CMP_isr_cb
                0x0000000000804006        0x2 build/default/production/mcc_generated_files/src/rtc.o
                0x0000000000804006                RTC_CMP_isr_cb

.bss.RTC_OVF_isr_cb
                0x0000000000804008        0x2
 .bss.RTC_OVF_isr_cb
                0x0000000000804008        0x2 build/default/production/mcc_generated_files/src/rtc.o
                0x0000000000804008                RTC_OVF_isr_cb

.text.PIN_MANAGER_Initialize
                0x0000000000000146      0x13a
 .text.PIN_MANAGER_Initialize
                0x0000000000000146      0x13a build/default/production/mcc_generated_files/src/pin_manager.o
                0x0000000000000146                PIN_MANAGER_Initialize

.text.__vector_3
                0x0000000000000280       0x7e
 .text.__vector_3
                0x0000000000000280       0x7e build/default/production/mcc_generated_files/src/rtc.o
                0x0000000000000280                __vector_3

.text.PORT_Initialize
                0x00000000000002fe       0x6e
 .text.PORT_Initialize
                0x00000000000002fe       0x6e build/default/production/mcc_generated_files/src/pin_manager.o
                0x00000000000002fe                PORT_Initialize

.text.__vector_25
                0x000000000000036c       0x60
 .text.__vector_25
                0x000000000000036c       0x60 build/default/production/mcc_generated_files/src/adc0.o
                0x000000000000036c                __vector_25

.text.__vector_4
                0x00000000000003cc       0x60
 .text.__vector_4
                0x00000000000003cc       0x60 build/default/production/mcc_generated_files/src/rtc.o
                0x00000000000003cc                __vector_4

.text.CLKCTRL_Initialize
                0x000000000000042c       0x58
 .text.CLKCTRL_Initialize
                0x000000000000042c       0x58 build/default/production/mcc_generated_files/mcc.o
                0x000000000000042c                CLKCTRL_Initialize

.text.RTC_Initialize
                0x0000000000000484       0x34
 .text.RTC_Initialize
                0x0000000000000484       0x34 build/default/production/mcc_generated_files/src/rtc.o
                0x0000000000000484                RTC_Initialize

.text.ADC0_Initialize
                0x00000000000004b8       0x2a
 .text.ADC0_Initialize
                0x00000000000004b8       0x2a build/default/production/mcc_generated_files/src/adc0.o
                0x00000000000004b8                ADC0_Initialize

.text.SYSTEM_Initialize
                0x00000000000004e2       0x26
 .text.SYSTEM_Initialize
                0x00000000000004e2       0x26 build/default/production/mcc_generated_files/mcc.o
                0x00000000000004e2                SYSTEM_Initialize

.text.__vector_2
                0x0000000000000508       0x1e
 .text.__vector_2
                0x0000000000000508       0x1e build/default/production/mcc_generated_files/mcc.o
                0x0000000000000508                __vector_2

.text.__vector_24
                0x0000000000000526       0x1e
 .text.__vector_24
                0x0000000000000526       0x1e build/default/production/mcc_generated_files/src/adc0.o
                0x0000000000000526                __vector_24

.text.main      0x0000000000000544       0x1c
 .text.main     0x0000000000000544       0x1c build/default/production/main.o
                0x0000000000000544                main

.text.CPUINT_Initialize
                0x0000000000000560       0x1a
 .text.CPUINT_Initialize
                0x0000000000000560       0x1a build/default/production/mcc_generated_files/src/cpuint.o
                0x0000000000000560                CPUINT_Initialize

.text.BOD_Initialize
                0x000000000000057a       0x18
 .text.BOD_Initialize
                0x000000000000057a       0x18 build/default/production/mcc_generated_files/mcc.o
                0x000000000000057a                BOD_Initialize

.text.ADC0_StartConversion
                0x0000000000000592       0x12
 .text.ADC0_StartConversion
                0x0000000000000592       0x12 build/default/production/mcc_generated_files/src/adc0.o
                0x0000000000000592                ADC0_StartConversion

.text.SLPCTRL_Initialize
                0x00000000000005a4       0x10
 .text.SLPCTRL_Initialize
                0x00000000000005a4       0x10 build/default/production/mcc_generated_files/mcc.o
                0x00000000000005a4                SLPCTRL_Initialize

.text.WDT_Initialize
                0x00000000000005b4       0x10
 .text.WDT_Initialize
                0x00000000000005b4       0x10 build/default/production/mcc_generated_files/mcc.o
                0x00000000000005b4                WDT_Initialize

.text.VREF_0_Initialize
                0x00000000000005c4       0x10
 .text.VREF_0_Initialize
                0x00000000000005c4       0x10 build/default/production/mcc_generated_files/src/vref.o
                0x00000000000005c4                VREF_0_Initialize

.text.protected_write_io
                0x00000000000005d4        0xa
 .text.protected_write_io
                0x00000000000005d4        0xa build/default/production/mcc_generated_files/src/protected_io.o
                0x00000000000005d4                protected_write_io

.text.ADC0_GetConversionResult
                0x00000000000005de        0xa
 .text.ADC0_GetConversionResult
                0x00000000000005de        0xa build/default/production/mcc_generated_files/src/adc0.o
                0x00000000000005de                ADC0_GetConversionResult

.text.RTC_SetOVFIsrCallback
                0x00000000000005e8        0xa
 .text.RTC_SetOVFIsrCallback
                0x00000000000005e8        0xa build/default/production/mcc_generated_files/src/rtc.o
                0x00000000000005e8                RTC_SetOVFIsrCallback

.text.Timer_interrupt
                0x00000000000005f2        0x8
 .text.Timer_interrupt
                0x00000000000005f2        0x8 build/default/production/main.o
                0x00000000000005f2                Timer_interrupt

.text           0x00000000000005fa        0x4
 .text          0x00000000000005fa        0x4 C:/Program Files (x86)/Microchip/MPLABX/v5.40/packs/Microchip/AVR-Dx_DFP/1.1.40/xc8/avr/lib/avrxmega4/memx-const/crtavr128da48.o
                0x00000000000005fa                __vector_38
                0x00000000000005fa                __vector_22
                0x00000000000005fa                __vector_28
                0x00000000000005fa                __vector_1
                0x00000000000005fa                __vector_32
                0x00000000000005fa                __vector_34
                0x00000000000005fa                __vector_12
                0x00000000000005fa                __vector_55
                0x00000000000005fa                __vector_46
                0x00000000000005fa                __bad_interrupt
                0x00000000000005fa                __vector_6
                0x00000000000005fa                __vector_31
                0x00000000000005fa                __vector_35
                0x00000000000005fa                __vector_39
                0x00000000000005fa                __vector_23
                0x00000000000005fa                __vector_30
                0x00000000000005fa                __vector_45
                0x00000000000005fa                __vector_11
                0x00000000000005fa                __vector_54
                0x00000000000005fa                __vector_13
                0x00000000000005fa                __vector_17
                0x00000000000005fa                __vector_19
                0x00000000000005fa                __vector_56
                0x00000000000005fa                __vector_7
                0x00000000000005fa                __vector_49
                0x00000000000005fa                __vector_41
                0x00000000000005fa                __vector_43
                0x00000000000005fa                __vector_27
                0x00000000000005fa                __vector_5
                0x00000000000005fa                __vector_33
                0x00000000000005fa                __vector_47
                0x00000000000005fa                __vector_52
                0x00000000000005fa                __vector_37
                0x00000000000005fa                __vector_44
                0x00000000000005fa                __vector_51
                0x00000000000005fa                __vector_9
                0x00000000000005fa                __vector_21
                0x00000000000005fa                __vector_15
                0x00000000000005fa                __vector_36
                0x00000000000005fa                __vector_29
                0x00000000000005fa                __vector_40
                0x00000000000005fa                __vector_8
                0x00000000000005fa                __vector_26
                0x00000000000005fa                __vector_48
                0x00000000000005fa                __vector_14
                0x00000000000005fa                __vector_57
                0x00000000000005fa                __vector_53
                0x00000000000005fa                __vector_10
                0x00000000000005fa                __vector_50
                0x00000000000005fa                __vector_16
                0x00000000000005fa                __vector_18
                0x00000000000005fa                __vector_20
                0x00000000000005fa                __vector_42
